---
source: tests/cli_gitignore.rs
description: should not be sorted
expression: content
---
Object {
    "c": Number(3),
    "b": Number(2),
    "a": Number(1),
}
