---
source: tests/cli_gitignore.rs
description: should be sorted
expression: content
---
Object {
    "a": Number(1),
    "b": Number(2),
    "c": Number(3),
}
