---
source: tests/cli.rs
description: should be sorted
expression: content
---
Object {
    "c": Number(3),
    "b": Number(2),
    "a": Number(1),
}
