---
source: tests/cli.rs
description: should not be sorted
expression: content
---
Object {
    "f": Number(3),
    "d": Number(2),
    "g": Number(1),
}
