---
source: src/sort.rs
expression: sorted_obj
---
Object {
    "a": Number(1),
    "b": Number(2),
    "c": Object {
        "b": Number(4),
        "a": Number(3),
    },
}
